MO MODE1_LEDCHOPTAT NULL MODE1_LEDCHOPTAT.v vlg01/_m_o_d_e1___l_e_d_c_h_o_p_t_a_t.bin 1694439064
MO MODE3_LEDCHAY_TRAIPHAI NULL MODE3_LEDCHAY_TRAIPHAI.v vlg46/_m_o_d_e3___l_e_d_c_h_a_y___t_r_a_i_p_h_a_i.bin 1694439064
MO TOP NULL TOP.v vlg0F/_t_o_p.bin 1694439064
MO DIV_CLK_4_MODE NULL DIV_CLK_4_MODE.v vlg2F/_d_i_v___c_l_k__4___m_o_d_e.bin 1694439064
MO MODE4_SANGDON NULL MODE4_SANGDON.v vlg4A/_m_o_d_e4___s_a_n_g_d_o_n.bin 1694439063
MO MODE2_LEDSANGDAN_TATDAN NULL MODE2_LEDSANGDAN_TATDAN.v vlg4A/_m_o_d_e2___l_e_d_s_a_n_g_d_a_n___t_a_t_d_a_n.bin 1694439064
