MO PhanMinhNhat NULL TOP.v vlg2A/_phan_minh_nhat.bin 1696335407
MO COUNTER NULL counter.v vlg30/_c_o_u_n_t_e_r.bin 1696335407
MO HEX_BCD NULL hex_bcd.v vlg11/_h_e_x___b_c_d.bin 1696335407
MO add3 NULL add3.v vlg48/add3.bin 1696335407
MO Clock_Div NULL clock.v vlg0A/_clock___div.bin 1696335407
MO TM1638 NULL TM1638.v vlg4B/_t_m1638.bin 1696335407
