MO SHIFT NULL ../ex5/ShiftLed.v vlg1E/_s_h_i_f_t.bin 1694269727
MO SHIFT_8LED NULL ../ex5/ShiftLed.v vlg06/_s_h_i_f_t__8_l_e_d.bin 1694272045
MO TOP NULL Top.v vlg0F/_t_o_p.bin 1694272045
MO DIVIDE_4F NULL ../Divide4f/divide4f.v vlg02/_d_i_v_i_d_e__4_f.bin 1694272045
MO SHIFT_1LED NULL ../ex6/Shift1Led.v vlg1B/_s_h_i_f_t__1_l_e_d.bin 1694272045
MO BLINK NULL Blink.v vlg30/_b_l_i_n_k.bin 1694272045
MO BLYNK NULL Blink.v vlg40/_b_l_y_n_k.bin 1694269184
