MO PhanMinhNhat NULL PhanMinhNhat.v vlg2A/_phan_minh_nhat.bin 1696985914
MO COUNTER NULL Counter.v vlg30/_c_o_u_n_t_e_r.bin 1696985914
MO HEX_BCD NULL HEX_BCD.v vlg11/_h_e_x___b_c_d.bin 1696985914
MO add3 NULL add3.v vlg48/add3.bin 1696985914
MO Clock_Div NULL Clock_Div.v vlg0A/_clock___div.bin 1696985914
MO TM1638 NULL TM1638.v vlg4B/_t_m1638.bin 1696985914
