MO CHIAXUNG NULL clock.v vlg2F/_c_h_i_a_x_u_n_g.bin 1695806274
MO PhanMinhNhat NULL PhanMinhNhat.v vlg2A/_phan_minh_nhat.bin 1695806274
MO HexBcd NULL hex_bcd.v vlg5A/_hex_bcd.bin 1695805984
MO COUNTER NULL counter.v vlg30/_c_o_u_n_t_e_r.bin 1695806274
MO HEX_BCD NULL hex_bcd.v vlg11/_h_e_x___b_c_d.bin 1695806274
MO add3 NULL add3.v vlg48/add3.bin 1695806274
MO TM1638 NULL TM1638.v vlg4B/_t_m1638.bin 1695806274
MO Counter NULL counter.v vlg70/_counter.bin 1695805984
MO ClockDiv NULL clock.v vlg27/_clock_div.bin 1695805984
